[1][1][0][]
[-1.1][0.1 -1.1][0.1 -1.1][]
[T][][T][T][F]
[a b][b][a b][][]