[1][1.1][F][u]
[1.1 2.1][T T][1 2][1 2][T F][a b][0 1][0 1][a b]
[[1]][[1.1]][[F]][[u]]