2.14748e+09
-2.14748e+09
2.14748e+09
-2.14748e+09
0
0
1
3.40282e+38