4T[1 2][0 1 2]3
1.2-120-2110.110010
13.12
40.200.110.1