Dims:0 by 0
Dims:1 by 3
Dims:2 by 2
Dims:10 by 3
Dims:2 by 0
Dims:2 by 0
Dims:4 by 0
Dims:3 by 1
Dims:3 by 0

Dims:3 by 5
Dims:3 by 5
Dims:3 by 6
Dims:3 by 7