player is hit at time 33!
SCREEN:
                                                            
                                                            
                                                            
                                                            
                                                            
                                         O  O  O  O O       
                                                            
                                                            
                                                            
                     O  O  O  O  O                          
                                                            
                                                            
                                                            
                                                            
           O  O  O  O  O                                    
                                                            
                                                            
                                                            
                                                            
                                O  O  O  O  O               
                                                            
                                                            
                                                            
                                                            
                                              O  O  O  O  O 
                                                            
                                                            
                                                            
                                             O  O  O  O  O  
                                                            
                                                            
                                                            
                                                            
                                                 O  O  O O  
                                                            
                                                            
                                                            
                                                            
                   O  O  O  O  O*                           
                                                            
                                                            
                                                            
  O  O  O                                                   
                                                            
                                                            
                                                            
                                                            
                                              O O  O  O  O  
                                                            
                                                            
