2147483638, 2147483639, 2147483640, 2147483641, 2147483642, 2147483643, 2147483644, 2147483645, 2147483646, 2147483647, 
21474836432147483644214748364521474836462147483647
24.1225.1226.1227.1228.1229.1230.1231.1232.1233.1234.1235.12
1110