1112131415161718191102122232425262728292103132333435363738393104142434445464748494105152535455565758595106162636465666768696107172737475767778797108182838485868788898109192939495969798999101011021031041051061071081091010

135136145146235236245246789

4142434548413515253555851361626365686137172737578713

111213141516212223242526313233343536414243444546515253545556616263646566[1 2 3 4 5 6][1 2 3 4 5 6]

123[0 0 0]

1238

123[7 7 7]

123[0 0 0]
567567567567567567567567567567

[1 1 1 1 1]11111[2 2 2 2 2]22222[3 3 3 3 3]33333[4 4 4 4 4]44444[5 5 5 5 5]55555[6 6 6 6 6]66666[7 7 7 7 7]77777[8 8 8 8 8]88888[9 9 9 9 9]99999[10 10 10 10 10]1010101010