-1..-1
1..100
1..100
2..101
0..0
1..100
-100..-1
-99..0
1..100
-100..-1

2..200
-99..99
1..10000
2..104
-3..99
1..400
-399..399

TTTTFF[1 11 21 31 41 51 61 71 81 91][1 10 19 28 37 46 55 64 73 82 91 100]2