c174 cat
c415 cat
hello world
wello world
hello world
wello world
wello world

hello world
wello world