1..1
0..2
-3..3
0..0
-4..0
-6..-5
0..2
-3..3
0..0
-4..0
-6..-5

0..4
-6..6
0..0
-8..0
-12..0
-6..6
0..0
-8..0
-12..0

-9..9
0..0
-12..12
-18..18
0..0
-12..12
-18..18

0..0
0..0
0..0
0..0
0..0

0..16
0..24
0..24

25..36