2.14748e+09-2.14748e+092.14748e+09-2.14748e+09TFF3.40282e+38