[2][3][][1][1 2 3][8 9 10][4 5 6 7][10 20 30][40 50 60 70 80 90 100]