[2.2 3.2]
[114.113 115.113]
[1 2]
[[1 2 3] [2 4 6]]
[[4.2 5.2 6.2] [5.2 6.2 7.2]]
[[7.34 8.34 9.34] [8.34 9.34 10.34]]