9:-1
44:34
12:2
8:-2
-2147483638:-2147483648

1 3.8 4 
[1 3.8 4]
130.72 137.6 1655.28 1742.4 164.16 172.8 
3.266.2
6
34.4 130.72 137.6 6
435.6 1655.28 1742.4 6
43.2 164.16 172.8 
123
22.23
2147483637
2147483638
2147483639
2147483640
2147483641
2147483642
2147483643
2147483644
2147483645
2147483646
2147483647