[-2147483638 -43949 2 5 500 1000 433562346 2147483647]
1
6
8
7
2
