0501098765432109876543210010203040506070809090123456789101098765432130317334353637383931010123T0123456789