int-0: 1
bin-0: T
flt-0: 1
chr-0: 32
int-1: 0
int-1: 0
bin-1: F
bin-1: F
flt-1: 0
flt-1: 0
chr-0: 102
int-2: 0
bin-2: F
flt-2: 0
chr-0: 32
chr-0: 32
chr-0: 255
chr-0: 255
0[[F]]0255
Current state: 0