[[a b c] [A B C] [1 2 3]]
[[c b a] [A B C] [3 2 1]]
[[0 0 0] [0 0 0] [0 0 0]]
[[a 0 0] [0 0 0] [0 0 0]]